:COMSYS After 1292 simulations
:COMSYS Best payoff is -55756.2
:COMSYS Normally terminated optimization
:OPTIMIZER=Powell
:SENSITIVITY=Off
:MULTIPLE_START=Off
:RANDOM_NUMBER=Default
:OUTPUT_LEVEL=On
:TRACE=Off
:MAX_ITERATIONS=1000
:RESTART_MAX=0
:PASS_LIMIT=2
:FRACTIONAL_TOLERANCE=0.001
:TOLERANCE_MULTIPLIER=21
:ABSOLUTE_TOLERANCE=1
:SCALE_ABSOLUTE=1
:VECTOR_POINTS=25
:MCLIMIT=0
:MCJUMP=0.05
:MCBURNIN=0
:MCDELTA=0.0001
:MCTEMP=1
:MCNCHAINS=2
:MCUPDATEPAIRS=2
:MCSCHEDULE=0
:MCOUTLIER=0.05
:MCXOVER=0.2
:MCCOOLING=1000
:MCINITMETHOD=0
:MCPAYOFFTYPE=0
:MCGAMMA=1
:MCRECORD=0
:MCKNN=0
:MCEPSILON=0.01
:MCFTEMP=1
-20 <= Coeff VeryLow[SFH,VeryLow] = 5.0367  <= 20
-20 <= Coeff VeryLow[SFH,Low] = 3.4674  <= 20
-20 <= Coeff VeryLow[SFH,Moderate] = -1.71671  <= 20
-20 <= Coeff VeryLow[SFH,High] = -3.50107  <= 20
-20 <= Coeff VeryLow[SFH,VeryHigh] = -6.66761  <= 20
-20 <= Coeff VeryLow[MFH,VeryLow] = 23.8597  <= 30
-20 <= Coeff VeryLow[MFH,Low] = 14.5058  <= 20
-20 <= Coeff VeryLow[MFH,Moderate] = 5.47599  <= 20
-20 <= Coeff VeryLow[MFH,High] = -0.0840068  <= 20
-30 <= Coeff VeryLow[MFH,VeryHigh] = -6.47816  <= 20
-20 <= Coeff Low[SFH,Low] = 5.62286  <= 20
-20 <= Coeff Low[SFH,Moderate] = 1.58866  <= 20
-20 <= Coeff Low[SFH,High] = -0.628445  <= 20
-20 <= Coeff Low[SFH,VeryHigh] = -4.30286  <= 20
-20 <= Coeff Low[MFH,Low] = 11.6842  <= 20
-20 <= Coeff Low[MFH,Moderate] = 5.59158  <= 20
-20 <= Coeff Low[MFH,High] = -0.16153  <= 20
-20 <= Coeff Low[MFH,VeryHigh] = -7.02347  <= 20
-20 <= Coeff Moderate[SFH,Moderate] = 4.51245  <= 20
-20 <= Coeff Moderate[SFH,High] = 1.476  <= 20
-20 <= Coeff Moderate[SFH,VeryHigh] = -2.40767  <= 20
-20 <= Coeff Moderate[MFH,Moderate] = 7.48159  <= 20
-20 <= Coeff Moderate[MFH,High] = 1.5834  <= 20
-20 <= Coeff Moderate[MFH,VeryHigh] = -5.5696  <= 20
-20 <= Coeff High[SFH,High] = 3.36  <= 20
-20 <= Coeff High[MFH,High] = 5.42063  <= 20
