:COMSYS After 285 simulations
:COMSYS Best payoff is -230760
:COMSYS Normally terminated optimization
:OPTIMIZER=Powell
:SENSITIVITY=Off
:MULTIPLE_START=Off
:RANDOM_NUMBER=Default
:OUTPUT_LEVEL=On
:TRACE=Off
:MAX_ITERATIONS=1000
:RESTART_MAX=0
:PASS_LIMIT=2
:FRACTIONAL_TOLERANCE=0.0003
:TOLERANCE_MULTIPLIER=21
:ABSOLUTE_TOLERANCE=1
:SCALE_ABSOLUTE=1
:VECTOR_POINTS=25
:MCLIMIT=0
:MCJUMP=0.05
:MCBURNIN=0
:MCDELTA=0.0001
:MCTEMP=1
:MCNCHAINS=2
:MCUPDATEPAIRS=2
:MCSCHEDULE=0
:MCOUTLIER=0.05
:MCXOVER=0.2
:MCCOOLING=1000
:MCINITMETHOD=0
:MCPAYOFFTYPE=0
:MCGAMMA=1
:MCRECORD=0
:MCKNN=0
:MCEPSILON=0.01
:MCFTEMP=1
-10 <= Economic Utility V weight = -3.32515  <= 0
-10 <= Green Utility V weight = -5.62288  <= 0
-2 <= Dummy HEV = 0.744718  <= 2
-2 <= Dummy PHEV = 2  <= 2
-2 <= Dummy Petrol = 1.61673  <= 2
0 <= Peer effect V weight = 1.70541  <= 10
-2 <= Dummy BEV = -0.130848  <= 2
0 <= Annual V available weight = 2.48396  <= 10
